// Jest Snapshot v1, https://goo.gl/fbAQLP

exports[`render correctly GenreList component 1`] = `
<ul
  className="catalog__genres-list"
>
  <li
    className="catalog__genres-item catalog__genres-item--active"
  >
    <button
      className="catalog__genres-link"
      onClick={[Function]}
    >
      All genres
    </button>
  </li>
  <li
    className="catalog__genres-item"
  >
    <button
      className="catalog__genres-link"
      onClick={[Function]}
    >
      Comedies
    </button>
  </li>
  <li
    className="catalog__genres-item"
  >
    <button
      className="catalog__genres-link"
      onClick={[Function]}
    >
      Crime
    </button>
  </li>
  <li
    className="catalog__genres-item"
  >
    <button
      className="catalog__genres-link"
      onClick={[Function]}
    >
      Documentary
    </button>
  </li>
  <li
    className="catalog__genres-item"
  >
    <button
      className="catalog__genres-link"
      onClick={[Function]}
    >
      Dramas
    </button>
  </li>
  <li
    className="catalog__genres-item"
  >
    <button
      className="catalog__genres-link"
      onClick={[Function]}
    >
      Horror
    </button>
  </li>
  <li
    className="catalog__genres-item"
  >
    <button
      className="catalog__genres-link"
      onClick={[Function]}
    >
      Kids & Family
    </button>
  </li>
  <li
    className="catalog__genres-item"
  >
    <button
      className="catalog__genres-link"
      onClick={[Function]}
    >
      Romance
    </button>
  </li>
  <li
    className="catalog__genres-item"
  >
    <button
      className="catalog__genres-link"
      onClick={[Function]}
    >
      Sci-Fi
    </button>
  </li>
  <li
    className="catalog__genres-item"
  >
    <button
      className="catalog__genres-link"
      onClick={[Function]}
    >
      Thrillers
    </button>
  </li>
</ul>
`;
