// Jest Snapshot v1, https://goo.gl/fbAQLP

exports[`render correctly MovieList component 1`] = `
<video
  autoPlay={true}
  muted={true}
  poster="img/fantastic-beasts-the-crimes-of-grindelwald.jpg"
>
  <source
    src="https://upload.wikimedia.org/wikipedia/commons/transcoded/b/b3/Big_Buck_Bunny_Trailer_400p.ogv/Big_Buck_Bunny_Trailer_400p.ogv.360p.webm"
    type="video/webm; codecs=\\"vp8, vorbis\\""
  />
  <source
    src="https://download.blender.org/durian/trailer/sintel_trailer-480p.mp4"
    type="video/mp4; codecs=\\"avc1.42E01E, mp4a.40.2\\""
  />
</video>
`;
